#keymaps 0-3,16-19,32-35,64-67,80-83,96-99
keymaps 0-127
compose as usual
strings as usual
alt_is_meta

#==========================================================================
# Default Keys (usually not needed)
#==========================================================================

                keycode   1 = Escape
            alt keycode   1 = Meta_Escape

     shiftr alt keycode   1 = Meta_Escape

                keycode  14 = Delete
            alt keycode  14 = Meta_Delete
     shiftl alt keycode  14 = Meta_Delete
     shiftr alt keycode  14 = Meta_Delete

                keycode  15 = Tab
         shiftl keycode  15 = Meta_Tab
         shiftr keycode  15 = Meta_Tab
            alt keycode  15 = Meta_Tab

                keycode  28 = Return
            alt keycode  28 = Meta_Control_m

                keycode  29 = Control
                keycode  97 = Control

                keycode  56 = Alt

#==========================================================================
# linux-keys-bare, Control Keys
#==========================================================================

                keycode  59 = F1
            alt keycode  59 = Console_1
    control alt keycode  59 = Console_1
         shiftl keycode  59 = F13
         shiftr keycode  59 = F13
                keycode  60 = F2
            alt keycode  60 = Console_2
    control alt keycode  60 = Console_2
         shiftl keycode  60 = F14
         shiftr keycode  60 = F14
                keycode  61 = F3
            alt keycode  61 = Console_3
    control alt keycode  61 = Console_3
         shiftl keycode  61 = F15
         shiftr keycode  61 = F15
                keycode  62 = F4
            alt keycode  62 = Console_4
    control alt keycode  62 = Console_4
         shiftl keycode  62 = F16
         shiftr keycode  62 = F16

                keycode  63 = F5
            alt keycode  63 = Console_5
    control alt keycode  63 = Console_5
         shiftl keycode  63 = F17
         shiftr keycode  63 = F17
                keycode  64 = F6
            alt keycode  64 = Console_6
    control alt keycode  64 = Console_6
         shiftl keycode  64 = F18
         shiftr keycode  64 = F18
                keycode  65 = F7
            alt keycode  65 = Console_7
    control alt keycode  65 = Console_7
         shiftl keycode  65 = F19
         shiftr keycode  65 = F19
                keycode  66 = F8
            alt keycode  66 = Console_8
    control alt keycode  66 = Console_8
         shiftl keycode  66 = F20
         shiftr keycode  66 = F20

                keycode  67 = F9
            alt keycode  67 = Console_9
    control alt keycode  67 = Console_9
         shiftl keycode  67 = F21
         shiftr keycode  67 = F21
                keycode  68 = F10
            alt keycode  68 = Console_10
    control alt keycode  68 = Console_10
         shiftl keycode  68 = F22
         shiftr keycode  68 = F22
                keycode  87 = F11
            alt keycode  87 = Console_11
    control alt keycode  87 = Console_11
         shiftl keycode  87 = F23
         shiftr keycode  87 = F23
                keycode  88 = F12
            alt keycode  88 = Console_12
    control alt keycode  88 = Console_12
         shiftl keycode  88 = F24
         shiftr keycode  88 = F24

                keycode 103 = Up
            alt keycode 103 = KeyboardSignal
                keycode 105 = Left
            alt keycode 105 = Decr_Console
                keycode 106 = Right
            alt keycode 106 = Incr_Console
                keycode 108 = Down

                keycode 110 = Insert
                keycode 111 = Remove
    control alt keycode 111 = Boot
                keycode 102 = Home
                keycode 107 = End
                keycode 104 = PageUp
         shiftl keycode 104 = Scroll_Backward
         shiftr keycode 104 = Scroll_Backward
                keycode 109 = PageDown
         shiftl keycode 109 = Scroll_Forward
         shiftr keycode 109 = Scroll_Forward

                keycode  99 = Compose
            alt keycode  99 = Control_backslash
        control keycode  99 = Control_backslash
          plain keycode  70 = Scroll_Lock
         shiftl keycode  70 = Show_Memory
         shiftr keycode  70 = Show_Memory
        control keycode  70 = Show_State
            alt keycode  70 = Show_Registers
                keycode 119 = Pause

## Alternatively:
#
#include "linux-keys-bare"
#
#         shiftl keycode  59 = F13
#         shiftr keycode  59 = F13
#         shiftl keycode  60 = F14
#         shiftr keycode  60 = F14
#         shiftl keycode  61 = F15
#         shiftr keycode  61 = F15
#         shiftl keycode  62 = F16
#         shiftr keycode  62 = F16
#
#         shiftl keycode  63 = F17
#         shiftr keycode  63 = F17
#         shiftl keycode  64 = F18
#         shiftr keycode  64 = F18
#         shiftl keycode  65 = F19
#         shiftr keycode  65 = F19
#         shiftl keycode  66 = F20
#         shiftr keycode  66 = F20
#
#         shiftl keycode  67 = F21
#         shiftr keycode  67 = F21
#         shiftl keycode  68 = F22
#         shiftr keycode  68 = F22
#         shiftl keycode  87 = F23
#         shiftr keycode  87 = F23
#         shiftl keycode  88 = F24
#         shiftr keycode  88 = F24
#
#         shiftl keycode 104 = Scroll_Backward
#         shiftr keycode 104 = Scroll_Backward
#
#         shiftl keycode 109 = Scroll_Forward
#         shiftr keycode 109 = Scroll_Forward
#
#         shiftl keycode  70 = Show_Memory
#         shiftr keycode  70 = Show_Memory

#==========================================================================
# Modifier
#==========================================================================

                keycode  42 = ShiftL
        shiftr  keycode  42 = Caps_Lock
                keycode  54 = ShiftR
        shiftl  keycode  54 = Caps_Lock

                keycode  58 = AltGr            # Mod3 Left
                keycode  43 = AltGr            # Mod3 Right

                keycode  86 = CtrlL            # Mod4 Left
                keycode 100 = CtrlL            # Mod4 Right

#==========================================================================
# Compose
#==========================================================================

# TODO: add most important compose definitions

        altgr   keycode  15 = Compose          # Mod3 + Tab: Compose

#==========================================================================
# Character keys
#==========================================================================
