
! ----Space key-------------------------------------------------------------
                   keycode  57 = space                 space                 space                 nobreakspace          
           shiftl  keycode  57 = zero                  
   shift   shiftl  keycode  57 = zero                  
   altgr   shiftl  keycode  57 = U+202F                

! ----dead keys-------------------------------------------------------------
                   keycode  41 = dead_circumflex       dead_caron            U+21BB                U+02DE                
           shiftl  keycode  41 = U+0307                
                   keycode  13 = dead_grave            dead_cedilla          U+030a                VoidSymbol            
           shiftl  keycode  13 = dead_diaeresis        
   altgr   shiftl  keycode  13 = macron           
                   keycode  27 = dead_acute            dead_tilde            VoidSymbol            VoidSymbol            
           shiftl  keycode  27 = dead_doubleacute      
   altgr   shiftl  keycode  27 = dead_breve            

! --------------------------------------------------------------------------
! Row 1 (number row)
! --------------------------------------------------------------------------
                   keycode   2 = one                   degree                onesuperior           VoidSymbol            
           shiftl  keycode   2 = ordfeminine           
   altgr   shiftl  keycode   2 = notsign               
                   keycode   3 = two                   section               twosuperior           VoidSymbol            
           shiftl  keycode   3 = masculine             
   altgr   shiftl  keycode   3 = U+2228                
                   keycode   4 = three                 U+2113                threesuperior         VoidSymbol            
           shiftl  keycode   4 = U+2116                
   altgr   shiftl  keycode   4 = U+2227                
                   keycode   5 = four                  guillemotright        U+203A                U+2640                
   altgr   shiftl  keycode   5 = U+22A5                
                   keycode   6 = five                  guillemotleft         U+2039                U+2642                
           shiftl  keycode   6 = periodcentered        
   altgr   shiftl  keycode   6 = U+2221                
                   keycode   7 = six                   dollar                cent                  U+26A5                
           shiftl  keycode   7 = sterling              
   altgr   shiftl  keycode   7 = U+2225                
                   keycode   8 = seven                 U+20ac                yen                   U+03F0                
           shiftl  keycode   8 = currency              
   altgr   shiftl  keycode   8 = U+2192                
                   keycode   9 = eight                 U+201e                U+201a                U+2329                
           shiftl  keycode   9 = Tab                   
   altgr   shiftl  keycode   9 = U+221e                
                   keycode  10 = nine                  U+201c                U+2018                U+232a                
           shiftl  keycode  10 = slash             
   shift   shiftl  keycode  10 = slash             
   altgr   shiftl  keycode  10 = U+221d                
                   keycode  11 = zero                  U+201d                U+2019                VoidSymbol            
           shiftl  keycode  11 = asterisk           
   shift   shiftl  keycode  11 = asterisk           
                   keycode  12 = ssharp                U+1E9E                VoidSymbol            U+03c2                
           shiftl  keycode  12 = minus           
   shift   shiftl  keycode  12 = minus           
   altgr   shiftl  keycode  12 = U+2218                

! --------------------------------------------------------------------------
! Row 2 (upper row)
! --------------------------------------------------------------------------
                   keycode  16 = q                     
           altgr   keycode  16 = U+2026                
   shift   altgr   keycode  16 = U+03D5                
           shiftl  keycode  16 = Prior                 
   shift   shiftl  keycode  16 = Prior                 
   altgr   shiftl  keycode  16 = U+211A                
                   keycode  17 = w                     
           altgr   keycode  17 = underscore            
   shift   altgr   keycode  17 = U+03c9                
           shiftl  keycode  17 = BackSpace             
   shift   shiftl  keycode  17 = BackSpace             
   altgr   shiftl  keycode  17 = U+03a9                
                   keycode  18 = e                     
           altgr   keycode  18 = bracketleft           
   shift   altgr   keycode  18 = U+03b5                
           shiftl  keycode  18 = Up                    
   shift   shiftl  keycode  18 = Up                    
   altgr   shiftl  keycode  18 = U+2203                
                   keycode  19 = r                     
           altgr   keycode  19 = bracketright          
   shift   altgr   keycode  19 = U+03c1                
           shiftl  keycode  19 = Remove                
   shift   shiftl  keycode  19 = Remove                
   altgr   shiftl  keycode  19 = U+211D                
                   keycode  20 = t                     
           altgr   keycode  20 = asciicircum           
   shift   altgr   keycode  20 = U+03c4                
           shiftl  keycode  20 = Next                  
   shift   shiftl  keycode  20 = Next                  
   altgr   shiftl  keycode  20 = U+2202                
                   keycode  21 = z                     
           altgr   keycode  21 = exclam                
   shift   altgr   keycode  21 = U+03b6                
           shiftl  keycode  21 = exclamdown            
   altgr   shiftl  keycode  21 = U+2124                
                   keycode  22 = u                     
           altgr   keycode  22 = less                  
           shiftl  keycode  22 = seven                  
   shift   shiftl  keycode  22 = seven                  
   altgr   shiftl  keycode  22 = U+2282                
                   keycode  23 = i                     
           altgr   keycode  23 = greater               
   shift   altgr   keycode  23 = U+03b9                
           shiftl  keycode  23 = eight                  
   shift   shiftl  keycode  23 = eight                  
   altgr   shiftl  keycode  23 = U+222b                
                   keycode  24 = o                     
           altgr   keycode  24 = equal                 
   shift   altgr   keycode  24 = U+03bf                
           shiftl  keycode  24 = nine                  
   shift   shiftl  keycode  24 = nine                  
                   keycode  25 = p                     
           altgr   keycode  25 = ampersand             
   shift   altgr   keycode  25 = U+03c0                
           shiftl  keycode  25 = plus                
   shift   shiftl  keycode  25 = plus                
   altgr   shiftl  keycode  25 = U+03a0                
                   keycode  26 = udiaeresis            Udiaeresis            U+017F                VoidSymbol            
           shiftl  keycode  26 = U+2212                
   altgr   shiftl  keycode  26 = U+222a                

! --------------------------------------------------------------------------
! Row 3 (home row, middle row)
! --------------------------------------------------------------------------
                   keycode  30 = a                     
           altgr   keycode  30 = backslash             
   shift   altgr   keycode  30 = U+03b1                
           shiftl  keycode  30 = Home                  
   shift   shiftl  keycode  30 = Home                  
   altgr   shiftl  keycode  30 = U+2200                
                   keycode  31 = s                     
           altgr   keycode  31 = slash                 
   shift   altgr   keycode  31 = U+03c3                
           shiftl  keycode  31 = Left                  
   shift   shiftl  keycode  31 = Left                  
   altgr   shiftl  keycode  31 = U+03a3                
                   keycode  32 = d                     
           altgr   keycode  32 = braceleft             
   shift   altgr   keycode  32 = U+03b4                
           shiftl  keycode  32 = Down                  
   shift   shiftl  keycode  32 = Down                  
   altgr   shiftl  keycode  32 = U+0394                
                   keycode  33 = f                     
           altgr   keycode  33 = braceright            
   shift   altgr   keycode  33 = U+03c6                
           shiftl  keycode  33 = Right                 
   shift   shiftl  keycode  33 = Right                 
   altgr   shiftl  keycode  33 = U+03a6                
                   keycode  34 = g                     
           altgr   keycode  34 = asterisk              
   shift   altgr   keycode  34 = U+03b3                
           shiftl  keycode  34 = End                   
   shift   shiftl  keycode  34 = End                   
   altgr   shiftl  keycode  34 = U+0393                
                   keycode  35 = h                     
           altgr   keycode  35 = question              
   shift   altgr   keycode  35 = U+03c8                
           shiftl  keycode  35 = questiondown          
   altgr   shiftl  keycode  35 = U+03a8                
                   keycode  36 = j                     
           altgr   keycode  36 = parenleft             
   shift   altgr   keycode  36 = U+03b8                
           shiftl  keycode  36 = four                  
   shift   shiftl  keycode  36 = four                  
   altgr   shiftl  keycode  36 = U+0398                
                   keycode  37 = k                     
           altgr   keycode  37 = parenright            
   shift   altgr   keycode  37 = U+03ba                
           shiftl  keycode  37 = five                  
   shift   shiftl  keycode  37 = five                  
   altgr   shiftl  keycode  37 = multiply              
                   keycode  38 = l                     
           altgr   keycode  38 = minus                 
   shift   altgr   keycode  38 = U+03bb                
           shiftl  keycode  38 = six                  
   shift   shiftl  keycode  38 = six                  
   altgr   shiftl  keycode  38 = U+039b                
                   keycode  39 = odiaeresis            Odiaeresis            colon                 U+03F5                
           shiftl  keycode  39 = U+002c                
   shift   shiftl  keycode  39 = comma                 
   altgr   shiftl  keycode  39 = U+2229                
                   keycode  40 = adiaeresis            Adiaeresis            at                    U+03b7                
           shiftl  keycode  40 = period                
   shift   shiftl  keycode  40 = U+002e                
   altgr   shiftl  keycode  40 = U+2135                

! --------------------------------------------------------------------------
! Row 4 (lower row)
! --------------------------------------------------------------------------
                   keycode  44 = y                     
           altgr   keycode  44 = numbersign            
   shift   altgr   keycode  44 = U+03c5                
           shiftl  keycode  44 = Escape                
   shift   shiftl  keycode  44 = Escape                
   altgr   shiftl  keycode  44 = U+2207                
                   keycode  45 = x                     
           altgr   keycode  45 = dollar                
   shift   altgr   keycode  45 = U+03be                
           shiftl  keycode  45 = Tab                   
   altgr   shiftl  keycode  45 = U+039e                
                   keycode  46 = c                     
           altgr   keycode  46 = bar                   
   shift   altgr   keycode  46 = U+03c7                
           shiftl  keycode  46 = Insert                
   shift   shiftl  keycode  46 = Insert                
   altgr   shiftl  keycode  46 = U+2102                
                   keycode  47 = v                     
           altgr   keycode  47 = asciitilde            
   shift   altgr   keycode  47 = U+03b7                
           shiftl  keycode  47 = Return                
   shift   shiftl  keycode  47 = Return                
   altgr   shiftl  keycode  47 = U+221a                
                   keycode  48 = b                     
           altgr   keycode  48 = grave                 
   shift   altgr   keycode  48 = U+03b2                
   altgr   shiftl  keycode  48 = U+21D0                
                   keycode  49 = n                     
           altgr   keycode  49 = plus                  
   shift   altgr   keycode  49 = U+03bd                
           shiftl  keycode  49 = colon                 
   altgr   shiftl  keycode  49 = U+2115                
                   keycode  50 = m                     
           altgr   keycode  50 = percent               
   shift   altgr   keycode  50 = U+03bc                
           shiftl  keycode  50 = one                  
   shift   shiftl  keycode  50 = one                  
   altgr   shiftl  keycode  50 = U+2124                
                   keycode  51 = comma                 U+2013                quotedbl              U+03F1                
           shiftl  keycode  51 = two                  
   shift   shiftl  keycode  51 = two                  
   altgr   shiftl  keycode  51 = U+21D2                
                   keycode  52 = period                U+2022                apostrophe            U+03D1                
           shiftl  keycode  52 = three                  
   shift   shiftl  keycode  52 = three                  
   altgr   shiftl  keycode  52 = U+21A6                
                   keycode  53 = minus                 U+2014                semicolon             hyphen                
           shiftl  keycode  53 = semicolon             
   altgr   shiftl  keycode  53 = U+21d4                

